[36mvite v5.4.21 [32mbuilding for production...[36m[39m
transforming...
[32mÔ£ô[39m 1511 modules transformed.
node.exe : 
[31mx[39m Build 
failed in 1.49s
At line:1 char:1
+ & "C:\Program Files\
nodejs/node.exe" 
"C:\Program 
Files\nodejs/node_mo 
...
+ ~~~~~~~~~~~~~~~~~~~~
~~~~~~~~~~~~~~~~~~~~~~
~~~~~~~~~~~~~~~~~~~~~~
~~~~~
    + CategoryInfo    
          : NotSpeci  
  fied: ([31mx[39   
 m Build failed in    
 1.49s:String) []    
, RemoteException
    + FullyQualifiedE 
   rrorId : NativeCo  
  mmandError
 
[31merror during 
build:
[31msrc/pages/Admin.j
sx (2:13): 
"firebaseConfig" is 
not exported by 
"src/firebase.js", 
imported by "src/pages
/Admin.jsx".[31m
file: [36mC:/Users/In
strutor/Documents/GitH
ub/teste/src/pages/Adm
in.jsx:2:13[31m
[33m
1: import React, { 
useState, useEffect } 
from 'react';
2: import { db, 
firebaseConfig } from 
'../firebase';
                ^
3: import { 
collection, query, 
onSnapshot, 
deleteDoc, doc, 
setDoc, updateDoc, 
getCountFromServer } 
from 
'firebase/firest...
4: import { 
initializeApp } from 
'firebase/app';
[31m
    at getRollupError 
(file:///C:/Users/Inst
rutor/Documents/GitHub
/teste/node_modules/ro
llup/dist/es/shared/pa
rseAst.js:401:41)
    at error (file:///
C:/Users/Instrutor/Doc
uments/GitHub/teste/no
de_modules/rollup/dist
/es/shared/parseAst.js
:397:42)
    at Module.error (f
ile:///C:/Users/Instru
tor/Documents/GitHub/t
este/node_modules/roll
up/dist/es/shared/node
-entry.js:16956:16)
    at 
Module.traceVariable (
file:///C:/Users/Instr
utor/Documents/GitHub/
teste/node_modules/rol
lup/dist/es/shared/nod
e-entry.js:17412:29)
    at ModuleScope.fin
dVariable (file:///C:/
Users/Instrutor/Docume
nts/GitHub/teste/node_
modules/rollup/dist/es
/shared/node-entry.js:
15076:39)
    at FunctionScope.f
indVariable (file:///C
:/Users/Instrutor/Docu
ments/GitHub/teste/nod
e_modules/rollup/dist/
es/shared/node-entry.j
s:5649:38)
    at FunctionBodySco
pe.findVariable (file:
///C:/Users/Instrutor/
Documents/GitHub/teste
/node_modules/rollup/d
ist/es/shared/node-ent
ry.js:5649:38)
    at FunctionScope.f
indVariable (file:///C
:/Users/Instrutor/Docu
ments/GitHub/teste/nod
e_modules/rollup/dist/
es/shared/node-entry.j
s:5649:38)
    at FunctionBodySco
pe.findVariable (file:
///C:/Users/Instrutor/
Documents/GitHub/teste
/node_modules/rollup/d
ist/es/shared/node-ent
ry.js:5649:38)
    at BlockScope.find
Variable (file:///C:/U
sers/Instrutor/Documen
ts/GitHub/teste/node_m
odules/rollup/dist/es/
shared/node-entry.js:5
649:38)[39m
